Archive member included to satisfy reference by file (symbol)

c:/program files (x86)/atmel/studio/7.0/toolchain/avr8/avr8-gnu-toolchain/bin/../lib/gcc/avr/5.4.0/avr4\libgcc.a(_udivmodhi4.o)
                              HAL/ir_sensor.o (__udivmodhi4)
c:/program files (x86)/atmel/studio/7.0/toolchain/avr8/avr8-gnu-toolchain/bin/../lib/gcc/avr/5.4.0/avr4\libgcc.a(_divmodhi4.o)
                              MCAL/pwm.o (__divmodhi4)
c:/program files (x86)/atmel/studio/7.0/toolchain/avr8/avr8-gnu-toolchain/bin/../lib/gcc/avr/5.4.0/avr4\libgcc.a(_exit.o)
                              C:/Program Files (x86)/Atmel/Studio/7.0/Packs/atmel/ATmega_DFP/1.6.364/gcc/dev/atmega8/avr4/crtatmega8.o (exit)
c:/program files (x86)/atmel/studio/7.0/toolchain/avr8/avr8-gnu-toolchain/bin/../lib/gcc/avr/5.4.0/avr4\libgcc.a(_copy_data.o)
                              APP/APP.o (__do_copy_data)
c:/program files (x86)/atmel/studio/7.0/toolchain/avr8/avr8-gnu-toolchain/bin/../lib/gcc/avr/5.4.0/avr4\libgcc.a(_clear_bss.o)
                              APP/APP.o (__do_clear_bss)

Allocating common symbols
Common symbol       size              file

tot_overflow        0x2               APP/main.o
tot_overfloww       0x2               APP/main.o
tot_overflow1       0x2               APP/main.o

Discarded input sections

 .data          0x00000000        0x0 C:/Program Files (x86)/Atmel/Studio/7.0/Packs/atmel/ATmega_DFP/1.6.364/gcc/dev/atmega8/avr4/crtatmega8.o
 .bss           0x00000000        0x0 C:/Program Files (x86)/Atmel/Studio/7.0/Packs/atmel/ATmega_DFP/1.6.364/gcc/dev/atmega8/avr4/crtatmega8.o
 .text          0x00000000        0x0 APP/APP.o
 .data          0x00000000        0x0 APP/APP.o
 .bss           0x00000000        0x0 APP/APP.o
 .text.Motion_Detection_Vibration
                0x00000000       0x38 APP/APP.o
 .text.CAPACITIVE_Touch_Patterns
                0x00000000      0x1d4 APP/APP.o
 .bss.right_counter.1932
                0x00000000        0x2 APP/APP.o
 .bss.front_counter.1930
                0x00000000        0x2 APP/APP.o
 .bss.left_flag.1934
                0x00000000        0x1 APP/APP.o
 .bss.right_flag.1933
                0x00000000        0x1 APP/APP.o
 .bss.left_counter.1931
                0x00000000        0x2 APP/APP.o
 .text          0x00000000        0x0 APP/main.o
 .data          0x00000000        0x0 APP/main.o
 .bss           0x00000000        0x0 APP/main.o
 .text          0x00000000        0x0 APP/test.o
 .data          0x00000000        0x0 APP/test.o
 .bss           0x00000000        0x0 APP/test.o
 .debug_line    0x00000000        0x0 APP/test.o
 .debug_str     0x00000000      0x11f APP/test.o
 .comment       0x00000000       0x31 APP/test.o
 .text          0x00000000        0x0 HAL/capacitive_touch.o
 .data          0x00000000        0x0 HAL/capacitive_touch.o
 .bss           0x00000000        0x0 HAL/capacitive_touch.o
 .text.readRegister
                0x00000000       0x2a HAL/capacitive_touch.o
 .text.writeRegister
                0x00000000       0x1e HAL/capacitive_touch.o
 .text.CAP_clearInterrupt
                0x00000000       0x26 HAL/capacitive_touch.o
 .text.CAP_isLeftTouched
                0x00000000       0x2e HAL/capacitive_touch.o
 .text.CAP_isRightTouched
                0x00000000       0x2a HAL/capacitive_touch.o
 .text.CAP_isMiddleTouched
                0x00000000       0x2a HAL/capacitive_touch.o
 .debug_info    0x00000000      0x4bc HAL/capacitive_touch.o
 .debug_abbrev  0x00000000      0x183 HAL/capacitive_touch.o
 .debug_loc     0x00000000      0x252 HAL/capacitive_touch.o
 .debug_aranges
                0x00000000       0x48 HAL/capacitive_touch.o
 .debug_ranges  0x00000000       0x38 HAL/capacitive_touch.o
 .debug_line    0x00000000      0x1a1 HAL/capacitive_touch.o
 .debug_str     0x00000000      0x624 HAL/capacitive_touch.o
 .comment       0x00000000       0x31 HAL/capacitive_touch.o
 .debug_frame   0x00000000       0xd8 HAL/capacitive_touch.o
 .text          0x00000000        0x0 HAL/ir_sensor.o
 .data          0x00000000        0x0 HAL/ir_sensor.o
 .bss           0x00000000        0x0 HAL/ir_sensor.o
 .text          0x00000000        0x0 HAL/vibration_motor.o
 .data          0x00000000        0x0 HAL/vibration_motor.o
 .bss           0x00000000        0x0 HAL/vibration_motor.o
 .text.START_Vibration_Motor
                0x00000000       0x1e HAL/vibration_motor.o
 .debug_info    0x00000000      0x116 HAL/vibration_motor.o
 .debug_abbrev  0x00000000       0x8d HAL/vibration_motor.o
 .debug_loc     0x00000000       0xa6 HAL/vibration_motor.o
 .debug_aranges
                0x00000000       0x20 HAL/vibration_motor.o
 .debug_ranges  0x00000000       0x10 HAL/vibration_motor.o
 .debug_line    0x00000000       0x85 HAL/vibration_motor.o
 .debug_str     0x00000000      0x21e HAL/vibration_motor.o
 .comment       0x00000000       0x31 HAL/vibration_motor.o
 .debug_frame   0x00000000       0x24 HAL/vibration_motor.o
 .text          0x00000000        0x0 MCAL/adc.o
 .data          0x00000000        0x0 MCAL/adc.o
 .bss           0x00000000        0x0 MCAL/adc.o
 .text          0x00000000        0x0 MCAL/gpio.o
 .data          0x00000000        0x0 MCAL/gpio.o
 .bss           0x00000000        0x0 MCAL/gpio.o
 .text.GPIO_setupPinDirection
                0x00000000       0xae MCAL/gpio.o
 .text.GPIO_writePin
                0x00000000       0xae MCAL/gpio.o
 .text.GPIO_readPin
                0x00000000       0x6e MCAL/gpio.o
 .text.GPIO_setupPortDirection
                0x00000000       0x1c MCAL/gpio.o
 .text.GPIO_writePort
                0x00000000       0x1c MCAL/gpio.o
 .text.GPIO_readPort
                0x00000000       0x24 MCAL/gpio.o
 .debug_info    0x00000000      0x254 MCAL/gpio.o
 .debug_abbrev  0x00000000       0xec MCAL/gpio.o
 .debug_loc     0x00000000      0x2e2 MCAL/gpio.o
 .debug_aranges
                0x00000000       0x48 MCAL/gpio.o
 .debug_ranges  0x00000000       0x38 MCAL/gpio.o
 .debug_line    0x00000000      0x292 MCAL/gpio.o
 .debug_str     0x00000000      0x2ae MCAL/gpio.o
 .comment       0x00000000       0x31 MCAL/gpio.o
 .debug_frame   0x00000000       0x74 MCAL/gpio.o
 .text          0x00000000        0x0 MCAL/i2cmaster.o
 .data          0x00000000        0x0 MCAL/i2cmaster.o
 .bss           0x00000000        0x0 MCAL/i2cmaster.o
 .text.i2c_init
                0x00000000        0xe MCAL/i2cmaster.o
 .text.i2c_start
                0x00000000       0x46 MCAL/i2cmaster.o
 .text.i2c_start_wait
                0x00000000       0x46 MCAL/i2cmaster.o
 .text.i2c_rep_start
                0x00000000        0x6 MCAL/i2cmaster.o
 .text.i2c_stop
                0x00000000        0xc MCAL/i2cmaster.o
 .text.i2c_write
                0x00000000       0x1c MCAL/i2cmaster.o
 .text.i2c_readAck
                0x00000000        0xe MCAL/i2cmaster.o
 .text.i2c_readNak
                0x00000000        0xe MCAL/i2cmaster.o
 .debug_info    0x00000000      0x201 MCAL/i2cmaster.o
 .debug_abbrev  0x00000000       0xf4 MCAL/i2cmaster.o
 .debug_loc     0x00000000      0x10e MCAL/i2cmaster.o
 .debug_aranges
                0x00000000       0x58 MCAL/i2cmaster.o
 .debug_ranges  0x00000000       0x48 MCAL/i2cmaster.o
 .debug_line    0x00000000      0x2a2 MCAL/i2cmaster.o
 .debug_str     0x00000000      0x235 MCAL/i2cmaster.o
 .comment       0x00000000       0x31 MCAL/i2cmaster.o
 .debug_frame   0x00000000       0x94 MCAL/i2cmaster.o
 .text          0x00000000        0x0 MCAL/pwm.o
 .data          0x00000000        0x0 MCAL/pwm.o
 .bss           0x00000000        0x0 MCAL/pwm.o
 .text.PWM_Timer1_A_Start
                0x00000000       0x2c MCAL/pwm.o
 .text.PWM_Timer1_B_Start
                0x00000000       0x2c MCAL/pwm.o
 .text.PWM_Timer2_Start
                0x00000000       0x24 MCAL/pwm.o
 .debug_info    0x00000000      0x18e MCAL/pwm.o
 .debug_abbrev  0x00000000       0xa3 MCAL/pwm.o
 .debug_loc     0x00000000       0xea MCAL/pwm.o
 .debug_aranges
                0x00000000       0x30 MCAL/pwm.o
 .debug_ranges  0x00000000       0x20 MCAL/pwm.o
 .debug_line    0x00000000      0x12a MCAL/pwm.o
 .debug_str     0x00000000      0x239 MCAL/pwm.o
 .comment       0x00000000       0x31 MCAL/pwm.o
 .debug_frame   0x00000000       0x5c MCAL/pwm.o
 .text          0x00000000        0x0 MCAL/timer.o
 .data          0x00000000        0x0 MCAL/timer.o
 .bss           0x00000000        0x0 MCAL/timer.o
 .text          0x00000000        0x0 MCAL/uart.o
 .data          0x00000000        0x0 MCAL/uart.o
 .bss           0x00000000        0x0 MCAL/uart.o
 .text.UART_recieveByte
                0x00000000        0x6 MCAL/uart.o
 .text.UART_receiveString
                0x00000000       0x3e MCAL/uart.o
 .text          0x00000000        0x0 c:/program files (x86)/atmel/studio/7.0/toolchain/avr8/avr8-gnu-toolchain/bin/../lib/gcc/avr/5.4.0/avr4\libgcc.a(_udivmodhi4.o)
 .data          0x00000000        0x0 c:/program files (x86)/atmel/studio/7.0/toolchain/avr8/avr8-gnu-toolchain/bin/../lib/gcc/avr/5.4.0/avr4\libgcc.a(_udivmodhi4.o)
 .bss           0x00000000        0x0 c:/program files (x86)/atmel/studio/7.0/toolchain/avr8/avr8-gnu-toolchain/bin/../lib/gcc/avr/5.4.0/avr4\libgcc.a(_udivmodhi4.o)
 .text.libgcc.mul
                0x00000000        0x0 c:/program files (x86)/atmel/studio/7.0/toolchain/avr8/avr8-gnu-toolchain/bin/../lib/gcc/avr/5.4.0/avr4\libgcc.a(_udivmodhi4.o)
 .text.libgcc   0x00000000        0x0 c:/program files (x86)/atmel/studio/7.0/toolchain/avr8/avr8-gnu-toolchain/bin/../lib/gcc/avr/5.4.0/avr4\libgcc.a(_udivmodhi4.o)
 .text.libgcc.prologue
                0x00000000        0x0 c:/program files (x86)/atmel/studio/7.0/toolchain/avr8/avr8-gnu-toolchain/bin/../lib/gcc/avr/5.4.0/avr4\libgcc.a(_udivmodhi4.o)
 .text.libgcc.builtins
                0x00000000        0x0 c:/program files (x86)/atmel/studio/7.0/toolchain/avr8/avr8-gnu-toolchain/bin/../lib/gcc/avr/5.4.0/avr4\libgcc.a(_udivmodhi4.o)
 .text.libgcc.fmul
                0x00000000        0x0 c:/program files (x86)/atmel/studio/7.0/toolchain/avr8/avr8-gnu-toolchain/bin/../lib/gcc/avr/5.4.0/avr4\libgcc.a(_udivmodhi4.o)
 .text.libgcc.fixed
                0x00000000        0x0 c:/program files (x86)/atmel/studio/7.0/toolchain/avr8/avr8-gnu-toolchain/bin/../lib/gcc/avr/5.4.0/avr4\libgcc.a(_udivmodhi4.o)
 .text          0x00000000        0x0 c:/program files (x86)/atmel/studio/7.0/toolchain/avr8/avr8-gnu-toolchain/bin/../lib/gcc/avr/5.4.0/avr4\libgcc.a(_divmodhi4.o)
 .data          0x00000000        0x0 c:/program files (x86)/atmel/studio/7.0/toolchain/avr8/avr8-gnu-toolchain/bin/../lib/gcc/avr/5.4.0/avr4\libgcc.a(_divmodhi4.o)
 .bss           0x00000000        0x0 c:/program files (x86)/atmel/studio/7.0/toolchain/avr8/avr8-gnu-toolchain/bin/../lib/gcc/avr/5.4.0/avr4\libgcc.a(_divmodhi4.o)
 .text.libgcc.mul
                0x00000000        0x0 c:/program files (x86)/atmel/studio/7.0/toolchain/avr8/avr8-gnu-toolchain/bin/../lib/gcc/avr/5.4.0/avr4\libgcc.a(_divmodhi4.o)
 .text.libgcc.div
                0x00000000       0x26 c:/program files (x86)/atmel/studio/7.0/toolchain/avr8/avr8-gnu-toolchain/bin/../lib/gcc/avr/5.4.0/avr4\libgcc.a(_divmodhi4.o)
 .text.libgcc   0x00000000        0x0 c:/program files (x86)/atmel/studio/7.0/toolchain/avr8/avr8-gnu-toolchain/bin/../lib/gcc/avr/5.4.0/avr4\libgcc.a(_divmodhi4.o)
 .text.libgcc.prologue
                0x00000000        0x0 c:/program files (x86)/atmel/studio/7.0/toolchain/avr8/avr8-gnu-toolchain/bin/../lib/gcc/avr/5.4.0/avr4\libgcc.a(_divmodhi4.o)
 .text.libgcc.builtins
                0x00000000        0x0 c:/program files (x86)/atmel/studio/7.0/toolchain/avr8/avr8-gnu-toolchain/bin/../lib/gcc/avr/5.4.0/avr4\libgcc.a(_divmodhi4.o)
 .text.libgcc.fmul
                0x00000000        0x0 c:/program files (x86)/atmel/studio/7.0/toolchain/avr8/avr8-gnu-toolchain/bin/../lib/gcc/avr/5.4.0/avr4\libgcc.a(_divmodhi4.o)
 .text.libgcc.fixed
                0x00000000        0x0 c:/program files (x86)/atmel/studio/7.0/toolchain/avr8/avr8-gnu-toolchain/bin/../lib/gcc/avr/5.4.0/avr4\libgcc.a(_divmodhi4.o)
 .text          0x00000000        0x0 c:/program files (x86)/atmel/studio/7.0/toolchain/avr8/avr8-gnu-toolchain/bin/../lib/gcc/avr/5.4.0/avr4\libgcc.a(_exit.o)
 .data          0x00000000        0x0 c:/program files (x86)/atmel/studio/7.0/toolchain/avr8/avr8-gnu-toolchain/bin/../lib/gcc/avr/5.4.0/avr4\libgcc.a(_exit.o)
 .bss           0x00000000        0x0 c:/program files (x86)/atmel/studio/7.0/toolchain/avr8/avr8-gnu-toolchain/bin/../lib/gcc/avr/5.4.0/avr4\libgcc.a(_exit.o)
 .text.libgcc.mul
                0x00000000        0x0 c:/program files (x86)/atmel/studio/7.0/toolchain/avr8/avr8-gnu-toolchain/bin/../lib/gcc/avr/5.4.0/avr4\libgcc.a(_exit.o)
 .text.libgcc.div
                0x00000000        0x0 c:/program files (x86)/atmel/studio/7.0/toolchain/avr8/avr8-gnu-toolchain/bin/../lib/gcc/avr/5.4.0/avr4\libgcc.a(_exit.o)
 .text.libgcc   0x00000000        0x0 c:/program files (x86)/atmel/studio/7.0/toolchain/avr8/avr8-gnu-toolchain/bin/../lib/gcc/avr/5.4.0/avr4\libgcc.a(_exit.o)
 .text.libgcc.prologue
                0x00000000        0x0 c:/program files (x86)/atmel/studio/7.0/toolchain/avr8/avr8-gnu-toolchain/bin/../lib/gcc/avr/5.4.0/avr4\libgcc.a(_exit.o)
 .text.libgcc.builtins
                0x00000000        0x0 c:/program files (x86)/atmel/studio/7.0/toolchain/avr8/avr8-gnu-toolchain/bin/../lib/gcc/avr/5.4.0/avr4\libgcc.a(_exit.o)
 .text.libgcc.fmul
                0x00000000        0x0 c:/program files (x86)/atmel/studio/7.0/toolchain/avr8/avr8-gnu-toolchain/bin/../lib/gcc/avr/5.4.0/avr4\libgcc.a(_exit.o)
 .text.libgcc.fixed
                0x00000000        0x0 c:/program files (x86)/atmel/studio/7.0/toolchain/avr8/avr8-gnu-toolchain/bin/../lib/gcc/avr/5.4.0/avr4\libgcc.a(_exit.o)
 .text          0x00000000        0x0 c:/program files (x86)/atmel/studio/7.0/toolchain/avr8/avr8-gnu-toolchain/bin/../lib/gcc/avr/5.4.0/avr4\libgcc.a(_copy_data.o)
 .data          0x00000000        0x0 c:/program files (x86)/atmel/studio/7.0/toolchain/avr8/avr8-gnu-toolchain/bin/../lib/gcc/avr/5.4.0/avr4\libgcc.a(_copy_data.o)
 .bss           0x00000000        0x0 c:/program files (x86)/atmel/studio/7.0/toolchain/avr8/avr8-gnu-toolchain/bin/../lib/gcc/avr/5.4.0/avr4\libgcc.a(_copy_data.o)
 .text.libgcc.mul
                0x00000000        0x0 c:/program files (x86)/atmel/studio/7.0/toolchain/avr8/avr8-gnu-toolchain/bin/../lib/gcc/avr/5.4.0/avr4\libgcc.a(_copy_data.o)
 .text.libgcc.div
                0x00000000        0x0 c:/program files (x86)/atmel/studio/7.0/toolchain/avr8/avr8-gnu-toolchain/bin/../lib/gcc/avr/5.4.0/avr4\libgcc.a(_copy_data.o)
 .text.libgcc   0x00000000        0x0 c:/program files (x86)/atmel/studio/7.0/toolchain/avr8/avr8-gnu-toolchain/bin/../lib/gcc/avr/5.4.0/avr4\libgcc.a(_copy_data.o)
 .text.libgcc.prologue
                0x00000000        0x0 c:/program files (x86)/atmel/studio/7.0/toolchain/avr8/avr8-gnu-toolchain/bin/../lib/gcc/avr/5.4.0/avr4\libgcc.a(_copy_data.o)
 .text.libgcc.builtins
                0x00000000        0x0 c:/program files (x86)/atmel/studio/7.0/toolchain/avr8/avr8-gnu-toolchain/bin/../lib/gcc/avr/5.4.0/avr4\libgcc.a(_copy_data.o)
 .text.libgcc.fmul
                0x00000000        0x0 c:/program files (x86)/atmel/studio/7.0/toolchain/avr8/avr8-gnu-toolchain/bin/../lib/gcc/avr/5.4.0/avr4\libgcc.a(_copy_data.o)
 .text.libgcc.fixed
                0x00000000        0x0 c:/program files (x86)/atmel/studio/7.0/toolchain/avr8/avr8-gnu-toolchain/bin/../lib/gcc/avr/5.4.0/avr4\libgcc.a(_copy_data.o)
 .text          0x00000000        0x0 c:/program files (x86)/atmel/studio/7.0/toolchain/avr8/avr8-gnu-toolchain/bin/../lib/gcc/avr/5.4.0/avr4\libgcc.a(_clear_bss.o)
 .data          0x00000000        0x0 c:/program files (x86)/atmel/studio/7.0/toolchain/avr8/avr8-gnu-toolchain/bin/../lib/gcc/avr/5.4.0/avr4\libgcc.a(_clear_bss.o)
 .bss           0x00000000        0x0 c:/program files (x86)/atmel/studio/7.0/toolchain/avr8/avr8-gnu-toolchain/bin/../lib/gcc/avr/5.4.0/avr4\libgcc.a(_clear_bss.o)
 .text.libgcc.mul
                0x00000000        0x0 c:/program files (x86)/atmel/studio/7.0/toolchain/avr8/avr8-gnu-toolchain/bin/../lib/gcc/avr/5.4.0/avr4\libgcc.a(_clear_bss.o)
 .text.libgcc.div
                0x00000000        0x0 c:/program files (x86)/atmel/studio/7.0/toolchain/avr8/avr8-gnu-toolchain/bin/../lib/gcc/avr/5.4.0/avr4\libgcc.a(_clear_bss.o)
 .text.libgcc   0x00000000        0x0 c:/program files (x86)/atmel/studio/7.0/toolchain/avr8/avr8-gnu-toolchain/bin/../lib/gcc/avr/5.4.0/avr4\libgcc.a(_clear_bss.o)
 .text.libgcc.prologue
                0x00000000        0x0 c:/program files (x86)/atmel/studio/7.0/toolchain/avr8/avr8-gnu-toolchain/bin/../lib/gcc/avr/5.4.0/avr4\libgcc.a(_clear_bss.o)
 .text.libgcc.builtins
                0x00000000        0x0 c:/program files (x86)/atmel/studio/7.0/toolchain/avr8/avr8-gnu-toolchain/bin/../lib/gcc/avr/5.4.0/avr4\libgcc.a(_clear_bss.o)
 .text.libgcc.fmul
                0x00000000        0x0 c:/program files (x86)/atmel/studio/7.0/toolchain/avr8/avr8-gnu-toolchain/bin/../lib/gcc/avr/5.4.0/avr4\libgcc.a(_clear_bss.o)
 .text.libgcc.fixed
                0x00000000        0x0 c:/program files (x86)/atmel/studio/7.0/toolchain/avr8/avr8-gnu-toolchain/bin/../lib/gcc/avr/5.4.0/avr4\libgcc.a(_clear_bss.o)

Memory Configuration

Name             Origin             Length             Attributes
text             0x00000000         0x00002000         xr
data             0x00800060         0x00000400         rw !x
eeprom           0x00810000         0x00000200         rw !x
fuse             0x00820000         0x00000002         rw !x
lock             0x00830000         0x00000400         rw !x
signature        0x00840000         0x00000400         rw !x
user_signatures  0x00850000         0x00000400         rw !x
*default*        0x00000000         0xffffffff

Linker script and memory map

LOAD C:/Program Files (x86)/Atmel/Studio/7.0/Packs/atmel/ATmega_DFP/1.6.364/gcc/dev/atmega8/avr4/crtatmega8.o
LOAD APP/APP.o
LOAD APP/main.o
LOAD APP/test.o
LOAD HAL/capacitive_touch.o
LOAD HAL/ir_sensor.o
LOAD HAL/vibration_motor.o
LOAD MCAL/adc.o
LOAD MCAL/gpio.o
LOAD MCAL/i2cmaster.o
LOAD MCAL/pwm.o
LOAD MCAL/timer.o
LOAD MCAL/uart.o
START GROUP
LOAD c:/program files (x86)/atmel/studio/7.0/toolchain/avr8/avr8-gnu-toolchain/bin/../lib/gcc/avr/5.4.0/../../../../avr/lib/avr4\libm.a
END GROUP
START GROUP
LOAD c:/program files (x86)/atmel/studio/7.0/toolchain/avr8/avr8-gnu-toolchain/bin/../lib/gcc/avr/5.4.0/avr4\libgcc.a
LOAD c:/program files (x86)/atmel/studio/7.0/toolchain/avr8/avr8-gnu-toolchain/bin/../lib/gcc/avr/5.4.0/../../../../avr/lib/avr4\libm.a
LOAD c:/program files (x86)/atmel/studio/7.0/toolchain/avr8/avr8-gnu-toolchain/bin/../lib/gcc/avr/5.4.0/../../../../avr/lib/avr4\libc.a
LOAD C:/Program Files (x86)/Atmel/Studio/7.0/Packs/atmel/ATmega_DFP/1.6.364/gcc/dev/atmega8/avr4\libatmega8.a
END GROUP
                0x00000000                __TEXT_REGION_ORIGIN__ = DEFINED (__TEXT_REGION_ORIGIN__)?__TEXT_REGION_ORIGIN__:0x0
                [0x00800060]                __DATA_REGION_ORIGIN__ = DEFINED (__DATA_REGION_ORIGIN__)?__DATA_REGION_ORIGIN__:0x800060
                [0x00002000]                __TEXT_REGION_LENGTH__ = DEFINED (__TEXT_REGION_LENGTH__)?__TEXT_REGION_LENGTH__:0x2000
                [0x00000400]                __DATA_REGION_LENGTH__ = DEFINED (__DATA_REGION_LENGTH__)?__DATA_REGION_LENGTH__:0xffa0
                [0x00000200]                __EEPROM_REGION_LENGTH__ = DEFINED (__EEPROM_REGION_LENGTH__)?__EEPROM_REGION_LENGTH__:0x10000
                [0x00000002]                __FUSE_REGION_LENGTH__ = DEFINED (__FUSE_REGION_LENGTH__)?__FUSE_REGION_LENGTH__:0x400
                0x00000400                __LOCK_REGION_LENGTH__ = DEFINED (__LOCK_REGION_LENGTH__)?__LOCK_REGION_LENGTH__:0x400
                0x00000400                __SIGNATURE_REGION_LENGTH__ = DEFINED (__SIGNATURE_REGION_LENGTH__)?__SIGNATURE_REGION_LENGTH__:0x400
                0x00000400                __USER_SIGNATURE_REGION_LENGTH__ = DEFINED (__USER_SIGNATURE_REGION_LENGTH__)?__USER_SIGNATURE_REGION_LENGTH__:0x400

.hash
 *(.hash)

.dynsym
 *(.dynsym)

.dynstr
 *(.dynstr)

.gnu.version
 *(.gnu.version)

.gnu.version_d
 *(.gnu.version_d)

.gnu.version_r
 *(.gnu.version_r)

.rel.init
 *(.rel.init)

.rela.init
 *(.rela.init)

.rel.text
 *(.rel.text)
 *(.rel.text.*)
 *(.rel.gnu.linkonce.t*)

.rela.text
 *(.rela.text)
 *(.rela.text.*)
 *(.rela.gnu.linkonce.t*)

.rel.fini
 *(.rel.fini)

.rela.fini
 *(.rela.fini)

.rel.rodata
 *(.rel.rodata)
 *(.rel.rodata.*)
 *(.rel.gnu.linkonce.r*)

.rela.rodata
 *(.rela.rodata)
 *(.rela.rodata.*)
 *(.rela.gnu.linkonce.r*)

.rel.data
 *(.rel.data)
 *(.rel.data.*)
 *(.rel.gnu.linkonce.d*)

.rela.data
 *(.rela.data)
 *(.rela.data.*)
 *(.rela.gnu.linkonce.d*)

.rel.ctors
 *(.rel.ctors)

.rela.ctors
 *(.rela.ctors)

.rel.dtors
 *(.rel.dtors)

.rela.dtors
 *(.rela.dtors)

.rel.got
 *(.rel.got)

.rela.got
 *(.rela.got)

.rel.bss
 *(.rel.bss)

.rela.bss
 *(.rela.bss)

.rel.plt
 *(.rel.plt)

.rela.plt
 *(.rela.plt)

.text           0x00000000      0x1e6
 *(.vectors)
 .vectors       0x00000000       0x26 C:/Program Files (x86)/Atmel/Studio/7.0/Packs/atmel/ATmega_DFP/1.6.364/gcc/dev/atmega8/avr4/crtatmega8.o
                0x00000000                __vector_default
                0x00000000                __vectors
 *(.vectors)
 *(.progmem.gcc*)
                0x00000026                . = ALIGN (0x2)
                0x00000026                __trampolines_start = .
 *(.trampolines)
 .trampolines   0x00000026        0x0 linker stubs
 *(.trampolines*)
                0x00000026                __trampolines_end = .
 *libprintf_flt.a:*(.progmem.data)
 *libc.a:*(.progmem.data)
 *(.progmem*)
                0x00000026                . = ALIGN (0x2)
 *(.jumptables)
 *(.jumptables*)
 *(.lowtext)
 *(.lowtext*)
                0x00000026                __ctors_start = .
 *(.ctors)
                0x00000026                __ctors_end = .
                0x00000026                __dtors_start = .
 *(.dtors)
                0x00000026                __dtors_end = .
 SORT(*)(.ctors)
 SORT(*)(.dtors)
 *(.init0)
 .init0         0x00000026        0x0 C:/Program Files (x86)/Atmel/Studio/7.0/Packs/atmel/ATmega_DFP/1.6.364/gcc/dev/atmega8/avr4/crtatmega8.o
                0x00000026                __init
 *(.init0)
 *(.init1)
 *(.init1)
 *(.init2)
 .init2         0x00000026        0xc C:/Program Files (x86)/Atmel/Studio/7.0/Packs/atmel/ATmega_DFP/1.6.364/gcc/dev/atmega8/avr4/crtatmega8.o
 *(.init2)
 *(.init3)
 *(.init3)
 *(.init4)
 .init4         0x00000032       0x16 c:/program files (x86)/atmel/studio/7.0/toolchain/avr8/avr8-gnu-toolchain/bin/../lib/gcc/avr/5.4.0/avr4\libgcc.a(_copy_data.o)
                0x00000032                __do_copy_data
 .init4         0x00000048       0x10 c:/program files (x86)/atmel/studio/7.0/toolchain/avr8/avr8-gnu-toolchain/bin/../lib/gcc/avr/5.4.0/avr4\libgcc.a(_clear_bss.o)
                0x00000048                __do_clear_bss
 *(.init4)
 *(.init5)
 *(.init5)
 *(.init6)
 *(.init6)
 *(.init7)
 *(.init7)
 *(.init8)
 *(.init8)
 *(.init9)
 .init9         0x00000058        0x4 C:/Program Files (x86)/Atmel/Studio/7.0/Packs/atmel/ATmega_DFP/1.6.364/gcc/dev/atmega8/avr4/crtatmega8.o
 *(.init9)
 *(.text)
 .text          0x0000005c        0x2 C:/Program Files (x86)/Atmel/Studio/7.0/Packs/atmel/ATmega_DFP/1.6.364/gcc/dev/atmega8/avr4/crtatmega8.o
                0x0000005c                __vector_1
                0x0000005c                __vector_12
                0x0000005c                __bad_interrupt
                0x0000005c                __vector_6
                0x0000005c                __vector_3
                0x0000005c                __vector_11
                0x0000005c                __vector_13
                0x0000005c                __vector_17
                0x0000005c                __vector_7
                0x0000005c                __vector_5
                0x0000005c                __vector_4
                0x0000005c                __vector_2
                0x0000005c                __vector_15
                0x0000005c                __vector_8
                0x0000005c                __vector_14
                0x0000005c                __vector_10
                0x0000005c                __vector_16
                0x0000005c                __vector_18
                0x0000005e                . = ALIGN (0x2)
 *(.text.*)
 .text.INIT_Fucntions
                0x0000005e       0x3c APP/APP.o
                0x0000005e                INIT_Fucntions
 .text.main     0x0000009a        0xc APP/main.o
                0x0000009a                main
 .text.IR_getDistance
                0x000000a6       0x1e HAL/ir_sensor.o
                0x000000a6                IR_getDistance
 .text.ADC_init
                0x000000c4       0x2c MCAL/adc.o
                0x000000c4                ADC_init
 .text.ADC_readChannel
                0x000000f0       0x1e MCAL/adc.o
                0x000000f0                ADC_readChannel
 .text.timer0_init
                0x0000010e       0x1a MCAL/timer.o
                0x0000010e                timer0_init
 .text.__vector_9
                0x00000128       0x52 MCAL/timer.o
                0x00000128                __vector_9
 .text.uart_init
                0x0000017a       0x14 MCAL/uart.o
                0x0000017a                uart_init
 .text.UART_sendByte
                0x0000018e        0x8 MCAL/uart.o
                0x0000018e                UART_sendByte
 .text.UART_sendString
                0x00000196       0x24 MCAL/uart.o
                0x00000196                UART_sendString
 .text.libgcc.div
                0x000001ba       0x28 c:/program files (x86)/atmel/studio/7.0/toolchain/avr8/avr8-gnu-toolchain/bin/../lib/gcc/avr/5.4.0/avr4\libgcc.a(_udivmodhi4.o)
                0x000001ba                __udivmodhi4
                0x000001e2                . = ALIGN (0x2)
 *(.fini9)
 .fini9         0x000001e2        0x0 c:/program files (x86)/atmel/studio/7.0/toolchain/avr8/avr8-gnu-toolchain/bin/../lib/gcc/avr/5.4.0/avr4\libgcc.a(_exit.o)
                0x000001e2                _exit
                0x000001e2                exit
 *(.fini9)
 *(.fini8)
 *(.fini8)
 *(.fini7)
 *(.fini7)
 *(.fini6)
 *(.fini6)
 *(.fini5)
 *(.fini5)
 *(.fini4)
 *(.fini4)
 *(.fini3)
 *(.fini3)
 *(.fini2)
 *(.fini2)
 *(.fini1)
 *(.fini1)
 *(.fini0)
 .fini0         0x000001e2        0x4 c:/program files (x86)/atmel/studio/7.0/toolchain/avr8/avr8-gnu-toolchain/bin/../lib/gcc/avr/5.4.0/avr4\libgcc.a(_exit.o)
 *(.fini0)
                0x000001e6                _etext = .

.data           0x00800060       0x74 load address 0x000001e6
                0x00800060                PROVIDE (__data_start, .)
 *(.data)
 *(.data*)
 *(.gnu.linkonce.d*)
 *(.rodata)
 *(.rodata*)
 .rodata.str1.1
                0x00800060       0x74 APP/APP.o
 *(.gnu.linkonce.r*)
                0x008000d4                . = ALIGN (0x2)
                0x008000d4                _edata = .
                0x008000d4                PROVIDE (__data_end, .)

.bss            0x008000d4        0x6
                0x008000d4                PROVIDE (__bss_start, .)
 *(.bss)
 *(.bss*)
 *(COMMON)
 COMMON         0x008000d4        0x6 APP/main.o
                0x008000d4                tot_overflow
                0x008000d6                tot_overfloww
                0x008000d8                tot_overflow1
                0x008000da                PROVIDE (__bss_end, .)
                0x000001e6                __data_load_start = LOADADDR (.data)
                0x0000025a                __data_load_end = (__data_load_start + SIZEOF (.data))

.noinit         0x008000da        0x0
                [!provide]                PROVIDE (__noinit_start, .)
 *(.noinit*)
                [!provide]                PROVIDE (__noinit_end, .)
                0x008000da                _end = .
                [!provide]                PROVIDE (__heap_start, .)

.eeprom         0x00810000        0x0
 *(.eeprom*)
                0x00810000                __eeprom_end = .

.fuse
 *(.fuse)
 *(.lfuse)
 *(.hfuse)
 *(.efuse)

.lock
 *(.lock*)

.signature
 *(.signature*)

.user_signatures
 *(.user_signatures*)

.stab
 *(.stab)

.stabstr
 *(.stabstr)

.stab.excl
 *(.stab.excl)

.stab.exclstr
 *(.stab.exclstr)

.stab.index
 *(.stab.index)

.stab.indexstr
 *(.stab.indexstr)

.comment        0x00000000       0x30
 *(.comment)
 .comment       0x00000000       0x30 APP/APP.o
                                 0x31 (size before relaxing)
 .comment       0x00000030       0x31 APP/main.o
 .comment       0x00000030       0x31 HAL/ir_sensor.o
 .comment       0x00000030       0x31 MCAL/adc.o
 .comment       0x00000030       0x31 MCAL/timer.o
 .comment       0x00000030       0x31 MCAL/uart.o

.note.gnu.avr.deviceinfo
                0x00000000       0x3c
 .note.gnu.avr.deviceinfo
                0x00000000       0x3c C:/Program Files (x86)/Atmel/Studio/7.0/Packs/atmel/ATmega_DFP/1.6.364/gcc/dev/atmega8/avr4/crtatmega8.o

.note.gnu.build-id
 *(.note.gnu.build-id)

.debug
 *(.debug)

.line
 *(.line)

.debug_srcinfo
 *(.debug_srcinfo)

.debug_sfnames
 *(.debug_sfnames)

.debug_aranges  0x00000000      0x100
 *(.debug_aranges)
 .debug_aranges
                0x00000000       0x30 APP/APP.o
 .debug_aranges
                0x00000030       0x20 APP/main.o
 .debug_aranges
                0x00000050       0x20 HAL/ir_sensor.o
 .debug_aranges
                0x00000070       0x28 MCAL/adc.o
 .debug_aranges
                0x00000098       0x28 MCAL/timer.o
 .debug_aranges
                0x000000c0       0x40 MCAL/uart.o

.debug_pubnames
 *(.debug_pubnames)

.debug_info     0x00000000     0x127c
 *(.debug_info .gnu.linkonce.wi.*)
 .debug_info    0x00000000      0x48c C:/Program Files (x86)/Atmel/Studio/7.0/Packs/atmel/ATmega_DFP/1.6.364/gcc/dev/atmega8/avr4/crtatmega8.o
 .debug_info    0x0000048c      0x6ed APP/APP.o
 .debug_info    0x00000b79      0x1bb APP/main.o
 .debug_info    0x00000d34      0x119 HAL/ir_sensor.o
 .debug_info    0x00000e4d      0x1c3 MCAL/adc.o
 .debug_info    0x00001010       0xe6 MCAL/timer.o
 .debug_info    0x000010f6      0x186 MCAL/uart.o

.debug_abbrev   0x00000000      0x9b3
 *(.debug_abbrev)
 .debug_abbrev  0x00000000      0x44e C:/Program Files (x86)/Atmel/Studio/7.0/Packs/atmel/ATmega_DFP/1.6.364/gcc/dev/atmega8/avr4/crtatmega8.o
 .debug_abbrev  0x0000044e      0x1a1 APP/APP.o
 .debug_abbrev  0x000005ef       0xe0 APP/main.o
 .debug_abbrev  0x000006cf       0xb6 HAL/ir_sensor.o
 .debug_abbrev  0x00000785       0xcf MCAL/adc.o
 .debug_abbrev  0x00000854       0x78 MCAL/timer.o
 .debug_abbrev  0x000008cc       0xe7 MCAL/uart.o

.debug_line     0x00000000      0x98c
 *(.debug_line .debug_line.* .debug_line_end)
 .debug_line    0x00000000      0x10a C:/Program Files (x86)/Atmel/Studio/7.0/Packs/atmel/ATmega_DFP/1.6.364/gcc/dev/atmega8/avr4/crtatmega8.o
 .debug_line    0x0000010a      0x39f APP/APP.o
 .debug_line    0x000004a9       0xde APP/main.o
 .debug_line    0x00000587       0x8b HAL/ir_sensor.o
 .debug_line    0x00000612      0x10b MCAL/adc.o
 .debug_line    0x0000071d       0xf4 MCAL/timer.o
 .debug_line    0x00000811      0x17b MCAL/uart.o

.debug_frame    0x00000000      0x1b4
 *(.debug_frame)
 .debug_frame   0x00000000       0x60 APP/APP.o
 .debug_frame   0x00000060       0x24 APP/main.o
 .debug_frame   0x00000084       0x24 HAL/ir_sensor.o
 .debug_frame   0x000000a8       0x34 MCAL/adc.o
 .debug_frame   0x000000dc       0x48 MCAL/timer.o
 .debug_frame   0x00000124       0x90 MCAL/uart.o

.debug_str      0x00000000      0x824
 *(.debug_str)
 .debug_str     0x00000000      0x17a C:/Program Files (x86)/Atmel/Studio/7.0/Packs/atmel/ATmega_DFP/1.6.364/gcc/dev/atmega8/avr4/crtatmega8.o
 .debug_str     0x0000017a      0x513 APP/APP.o
                                0x54f (size before relaxing)
 .debug_str     0x0000068d       0x73 APP/main.o
                                0x24e (size before relaxing)
 .debug_str     0x00000700       0xa8 HAL/ir_sensor.o
                                0x1fc (size before relaxing)
 .debug_str     0x000007a8       0x2e MCAL/adc.o
                                0x2c5 (size before relaxing)
 .debug_str     0x000007d6       0x1b MCAL/timer.o
                                0x201 (size before relaxing)
 .debug_str     0x000007f1       0x33 MCAL/uart.o
                                0x214 (size before relaxing)

.debug_loc      0x00000000      0x48f
 *(.debug_loc)
 .debug_loc     0x00000000      0x23f APP/APP.o
 .debug_loc     0x0000023f       0x82 HAL/ir_sensor.o
 .debug_loc     0x000002c1       0x49 MCAL/adc.o
 .debug_loc     0x0000030a       0x49 MCAL/timer.o
 .debug_loc     0x00000353      0x13c MCAL/uart.o

.debug_macinfo
 *(.debug_macinfo)

.debug_weaknames
 *(.debug_weaknames)

.debug_funcnames
 *(.debug_funcnames)

.debug_typenames
 *(.debug_typenames)

.debug_varnames
 *(.debug_varnames)

.debug_pubtypes
 *(.debug_pubtypes)

.debug_ranges   0x00000000       0xa0
 *(.debug_ranges)
 .debug_ranges  0x00000000       0x20 APP/APP.o
 .debug_ranges  0x00000020       0x10 APP/main.o
 .debug_ranges  0x00000030       0x10 HAL/ir_sensor.o
 .debug_ranges  0x00000040       0x18 MCAL/adc.o
 .debug_ranges  0x00000058       0x18 MCAL/timer.o
 .debug_ranges  0x00000070       0x30 MCAL/uart.o

.debug_macro
 *(.debug_macro)
OUTPUT(Smart_Glasses_Grauation_Project.elf elf32-avr)
LOAD linker stubs
